
>>> toolchain: go1.24.7

>>> cloning electroneum-sc (only network access in this script)

>>> target pinned at 17c6ffe30 — Merge pull request #82 from electroneum/fix-qbft-backlog-byte-limit

>>> building (first run downloads Go modules)
------------------------------------------------------------

>>> STEP 1  VanityData decides which filter Header.Hash() uses
------------------------------------------------------------

=== VANITY-CONTROLLED HASH FILTER ===
  control: 32-byte vanity  -> legacy decode fails -> QBFT filter
  crafted: 400-byte vanity  -> legacy decode SUCCEEDS -> legacy filter

  variant A (3 seals, round 0): legacy decode err=<nil> -> LEGACY filter
  variant B (4 seals, round 0): legacy decode err=rlp: element is larger than containing list -> QBFT filter
  variant R (3 seals, round 1): legacy decode err=<nil> -> LEGACY filter

  Header.Hash() A : 994e69a91220f52e0947d98b
  Header.Hash() B : f9ed7088e6b647b3fc1f497c
  Header.Hash() R : da4e77eb975a2c3e60699e81

  QBFTHashWithRoundNumber(0) A : f9ed7088e6b647b3fc1f497c
  QBFTHashWithRoundNumber(0) B : f9ed7088e6b647b3fc1f497c
  -> identical, so the SAME committed seals are valid for both variants

  same vanity + non-empty ProposerSeal (post-FutureFork 6-field form):
    legacy decode err=rlp: input contains more than one value -> QBFT filter
    craft DIES against the 6-field form (lengths no longer line up)

    zz_vanity_split_test.go:204: SPLIT: seal count changes Header.Hash() (994e69a91220f52e vs f9ed7088e6b647b3) while the seal payload is identical
    zz_vanity_split_test.go:214: RULE VIOLATION (not a second valid block): round changes Header.Hash() (994e69a91220f52e vs da4e77eb975a2c3e)
--- FAIL: TestVanityData_FlipsHashFilter (0.00s)
FAIL
FAIL	github.com/electroneum/electroneum-sc/core/types	0.015s
FAIL
------------------------------------------------------------

>>> STEP 2  Real validator keys, real committed seals, both variants verified
------------------------------------------------------------

=== ONE BLOCK, TWO VALID HASHES ===
  validators=4, quorum=3, seals signed by real keys

  variant A: 3 committed seals -> verifyCommittedSeals = <nil>
  variant B: 4 committed seals -> verifyCommittedSeals = <nil>
  variant R: round bumped to 1   -> verifyCommittedSeals = invalid committed seals
             ^ EXPECTED to fail: Signers() derives the seal payload from
               extra.Round, so a round change invalidates the seals.
               The round vector is NOT a second valid block.

  Header.Hash() A : 03b1ecba0fa8156c2c9b29bf
  Header.Hash() B : f96c86b6b9311efdc0b6804c
  seal payload    : f96c86b6b9311efdc0b6804c  (identical for both)

    zz_vanity_split_test.go:187: CONSENSUS SPLIT: one block, two valid hashes. variant A (3 seals) hash=03b1ecba0fa8156c and variant B (4 seals) hash=f96c86b6b9311efd both pass verifyCommittedSeals against the same seal payload f96c86b6b9311efd
--- FAIL: TestVanitySplit_BothVariantsVerify (0.00s)
FAIL
FAIL	github.com/electroneum/electroneum-sc/consensus/istanbul/engine	0.016s
FAIL
------------------------------------------------------------

>>> STEP 3  Upstream suite (PoC tests excluded) — the fix must not regress it
------------------------------------------------------------
ok  	github.com/electroneum/electroneum-sc/core/types	1.941s
ok  	github.com/electroneum/electroneum-sc/consensus/istanbul	0.019s
ok  	github.com/electroneum/electroneum-sc/consensus/istanbul/backend	2.657s
ok  	github.com/electroneum/electroneum-sc/consensus/istanbul/core	3.605s
ok  	github.com/electroneum/electroneum-sc/consensus/istanbul/engine	0.125s
ok  	github.com/electroneum/electroneum-sc/consensus/istanbul/validator	0.025s
------------------------------------------------------------

RESULT (unpatched — this is the bug)
  Both PoC tests FAIL. That failure is the finding, not a broken harness:

    STEP 1  the same header hashes three different ways depending on a value
            the proposer chooses (its own VanityData), while the QBFT rule says
            all three must hash the same.

    STEP 2  two variants of one block, carrying committed seals signed by real
            validator keys over a byte-identical seal payload, BOTH pass
            verifyCommittedSeals and have DIFFERENT block hashes.

  Re-run with --fix to see both neutralised.
------------------------------------------------------------
