=== RUN   TestVanityData_FlipsHashFilter

=== VANITY-CONTROLLED HASH FILTER ===
  control: 32-byte vanity  -> legacy decode fails -> QBFT filter
  crafted: 400-byte vanity  -> legacy decode SUCCEEDS -> legacy filter

  variant A (3 seals, round 0): legacy decode err=<nil> -> LEGACY filter
  variant B (4 seals, round 0): legacy decode err=rlp: element is larger than containing list -> QBFT filter
  variant R (3 seals, round 1): legacy decode err=<nil> -> LEGACY filter

  Header.Hash() A : 994e69a91220f52e0947d98b
  Header.Hash() B : f9ed7088e6b647b3fc1f497c
  Header.Hash() R : da4e77eb975a2c3e60699e81

  QBFTHashWithRoundNumber(0) A : f9ed7088e6b647b3fc1f497c
  QBFTHashWithRoundNumber(0) B : f9ed7088e6b647b3fc1f497c
  -> identical, so the SAME committed seals are valid for both variants

  SPLIT: same block, same valid seals, two different block hashes
  SPLIT: same prepared block re-proposed at round 1 hashes differently

--- PASS: TestVanityData_FlipsHashFilter (0.00s)
PASS
ok  	github.com/electroneum/electroneum-sc/core/types	0.014s
=== RUN   TestVanitySplit_BothVariantsVerify

=== ONE BLOCK, TWO VALID HASHES ===
  validators=4, quorum=3, seals signed by real keys

  variant A: 3 committed seals -> verifyCommittedSeals = <nil>
  variant B: 4 committed seals -> verifyCommittedSeals = <nil>

  Header.Hash() A : 5fd7f0e3648da82d765742d7
  Header.Hash() B : 264f973ee905b7b1767a8c8a
  seal payload    : 264f973ee905b7b1767a8c8a  (identical for both)

  BOTH VERIFY, HASHES DIFFER -> the same finalized block exists under
  two distinct valid hashes. Honest nodes that receive different
  variants disagree on the canonical head at the same height.

--- PASS: TestVanitySplit_BothVariantsVerify (0.00s)
PASS
ok  	github.com/electroneum/electroneum-sc/consensus/istanbul/engine	0.015s
