
>>> toolchain: go1.24.7

>>> available memory: 15379 MiB

>>> cloning electroneum-sc (this is the only network access)

>>> target pinned at 17c6ffe30 — Merge pull request #82 from electroneum/fix-qbft-backlog-byte-limit

>>> building (first run downloads Go modules)
------------------------------------------------------------

>>> STEP 1  Amplification of the payload engine's primitives
------------------------------------------------------------
== unit cost of each primitive (single-element deltas) ==
  legacy-min       marginal: 10 encoded bytes -> 386 heap bytes  (x38.7)
  priority-min     marginal: 18 encoded bytes -> 610 heap bytes  (x33.9)
  dynfee-min       marginal: 15 encoded bytes -> 482 heap bytes  (x32.2)
  accesslist-min   marginal: 14 encoded bytes -> 450 heap bytes  (x32.2)

== whole-message amplification, sized near the 4 MiB per-message ceiling ==
  legacy-min       ntx=419371   encoded=4.00 MiB  retained=153.94 MiB  amplification=x38.5
  priority-min     ntx=232984   encoded=4.00 MiB  retained=135.69 MiB  amplification=x33.9
  dynfee-min       ntx=279581   encoded=4.00 MiB  retained=128.23 MiB  amplification=x32.1
  accesslist-min   ntx=299551   encoded=4.00 MiB  retained=128.07 MiB  amplification=x32.0

== BEST: {kind=legacy-min ntx=419371 nuncle=0 nprep=0}  x38.5 ==
Per-validator budget    32 MiB encoded ->   1231.5 MiB retained
Global budget (floor)  128 MiB encoded ->   4926.2 MiB retained
Global budget (ceil)   512 MiB encoded ->  19704.6 MiB retained
------------------------------------------------------------

>>> STEP 2  Signed PRE-PREPARE through the real ingress (+ negative control)
------------------------------------------------------------

=== E2E: SIGNED PRE-PREPARE THROUGH THE REAL INGRESS ===
  path      : handleEncodedMsg -> Decode -> verifySignatures -> checkMessage -> addToBacklog
  attacker  : validator 0x708D1055 (1 of 4, within QBFT's fault budget)
  frames    : 8 x 4.00 MiB, each signed and ecrecovered to a known validator
  charged   :    32.00 MiB   (per-sender budget 32 MiB)
  resident  :  1231.58 MiB
  amplified : x38.5

    zz_e2e_signed_test.go:115: E2E BUDGET BYPASS: 1231.58 MiB resident against a 32 MiB per-sender budget (x38.5)
--- FAIL: TestE2E_SignedPreprepareAmplification (19.72s)
[control] non-validator signature rejected; backlog untouched
--- PASS: TestE2E_ForgedSignatureIsRejected (0.24s)
FAIL
FAIL	github.com/electroneum/electroneum-sc/consensus/istanbul/core	20.081s
FAIL
------------------------------------------------------------

>>> STEP 3  Full stack — p2p frames into a live QBFT node via Backend.HandleMsg
------------------------------------------------------------

=== E2E FULL STACK: p2p frame -> live QBFT node ===
  node under attack : 0x289aa39b68 (validator set of 4)
  attacker          : 0xfdbD54EB14 (holds 1 validator key)
  frames delivered  : 8 via Backend.HandleMsg
  bytes on the wire :    32.00 MiB   (per-sender budget 32 MiB)
  heap resident     :  1231.58 MiB
  amplification     : x38.5

    zz_e2e_fullstack_test.go:155: E2E FULL-STACK BYPASS: 1231.58 MiB resident on a live node from 32.00 MiB of wire traffic sent by one validator whose backlog budget is 32 MiB
--- FAIL: TestE2E_FullStack_HandleMsgAmplification (17.61s)
FAIL
FAIL	github.com/electroneum/electroneum-sc/consensus/istanbul/backend	17.729s
FAIL
------------------------------------------------------------

>>> STEP 4  skipped (pass --full to run the fault-budget test; needs ~8 GB)
------------------------------------------------------------
------------------------------------------------------------

>>> STEP A  What one unauthenticated frame costs before any auth check
------------------------------------------------------------
  frame  4.00 MiB ->  419371 txs decoded in  674ms,   161.16 MiB allocated
  frame 10.00 MiB -> 1048517 txs decoded in 1.529s,   400.08 MiB allocated
--- PASS: TestUnauth_DecodeCostBeforeAnyAuthCheck (5.70s)
PASS
ok  	github.com/electroneum/electroneum-sc/consensus/istanbul/backend	5.755s
------------------------------------------------------------

>>> STEP B  Consensus ingress stall from a non-validator peer
------------------------------------------------------------

=== UNAUTHENTICATED PEER STALLS CONSENSUS INGRESS ===
  attacker      : 0x7e1B9ccfA7 (NOT a validator; never checked)
  frame size    : 10 MiB (eth/handler.go protocolMaxMsgSize)
  BlockPeriod   : 5s     RequestTimeout: 10s
  legit frame, loop idle: 1.519ms

  frames   wire sent    legit frame    vs idle
  2        20 MiB       3.693s         x2431
  4        40 MiB       5.19s          x3416
  8        80 MiB       4.67s          x3074

  Absolute latency is CPU-bound and varies with the host; across runs on a
  4-core container the stall sits in the 3.9-7.1s band against a 5s BlockPeriod
  and a 10s RequestTimeout. The ratio to an idle loop is the stable figure.

--- PASS: TestUnauth_StallsConsensusIngress (28.26s)
PASS
ok  	github.com/electroneum/electroneum-sc/consensus/istanbul/backend	28.350s
------------------------------------------------------------

>>> STEP C  Block production degradation
------------------------------------------------------------

=== BLOCK PRODUCTION UNDER UNAUTHENTICATED FLOOD ===
  BlockPeriod configured : 5s
  seal, no attacker      : 2ms
  seal, one unauth peer  : 7.739s
  degradation            : x4590.5

--- PASS: TestUnauth_DegradesBlockProduction (13.83s)
PASS
ok  	github.com/electroneum/electroneum-sc/consensus/istanbul/backend	13.912s
------------------------------------------------------------

>>> STEP D  ROUND-CHANGE carries the same payload
------------------------------------------------------------

=== ROUND-CHANGE CARRIES THE SAME PAYLOAD ===
  frame        : 10.00 MiB ROUND-CHANGE with a PreparedBlock
  decode result: failed to decode ROUND-CHANGE message
  time         : 1.667s
  allocated    : 400.11 MiB before the digest check rejected it

--- PASS: TestUnauth_RoundChangeAmplifiesToo (4.04s)
PASS
ok  	github.com/electroneum/electroneum-sc/consensus/istanbul/backend	4.100s
------------------------------------------------------------

>>> STEP 5  Upstream consensus/istanbul suite (PoC tests excluded)
------------------------------------------------------------
ok  	github.com/electroneum/electroneum-sc/consensus/istanbul	0.026s
ok  	github.com/electroneum/electroneum-sc/consensus/istanbul/backend	49.596s
ok  	github.com/electroneum/electroneum-sc/consensus/istanbul/core	4.006s
ok  	github.com/electroneum/electroneum-sc/consensus/istanbul/engine	0.126s
ok  	github.com/electroneum/electroneum-sc/consensus/istanbul/validator	0.026s
------------------------------------------------------------

RESULT (unpatched — this is the bug)
  A single validator sends 32.00 MiB of signed PRE-PREPARE frames, which is
  exactly its per-sender backlog budget. Every admission check passes. The node
  retains ~1231 MiB of heap for them: x38.5 more than the budget it was charged.

  With --full: 4 Byzantine validators (= f, the faults QBFT already promises to
  survive) force ~4926 MiB resident while the global byte budget reports only
  128 MiB of 512 MiB used.

  Re-run with --fix to see the same payloads rejected.
  Run ./oom.sh (as root) for the OOM kill, and --unauth for the unauthenticated
  consensus-stall escalation.
------------------------------------------------------------
